// Jest Snapshot v1, https://goo.gl/fbAQLP

exports[`<OptionsScreen /> renders correctly 1`] = `
<RCTScrollView
  style={
    Object {
      "flex": 1,
      "padding": 16,
    }
  }
>
  <View>
    <Text
      style={
        Object {
          "fontSize": 16,
          "margin": 8,
        }
      }
    >
      Number of questions
    </Text>
    <View
      style={
        Object {
          "flexDirection": "row",
          "flexWrap": "wrap",
          "marginBottom": 16,
        }
      }
    >
      <View
        style={
          Array [
            Object {
              "borderRadius": 3,
              "overflow": "hidden",
            },
            Object {
              "borderRadius": 3,
            },
            Object {
              "flex": 1,
              "flexBasis": "25%",
              "margin": 8,
            },
            false,
          ]
        }
      >
        <View
          accessibilityRole="button"
          accessibilityState={
            Object {
              "busy": false,
              "disabled": false,
            }
          }
          accessible={true}
          collapsable={false}
          focusable={true}
          onClick={[Function]}
          onResponderGrant={[Function]}
          onResponderMove={[Function]}
          onResponderRelease={[Function]}
          onResponderTerminate={[Function]}
          onResponderTerminationRequest={[Function]}
          onStartShouldSetResponder={[Function]}
          style={
            Object {
              "opacity": 1,
            }
          }
        >
          <View
            style={
              Object {
                "alignItems": "center",
                "backgroundColor": "transparent",
                "borderColor": "#2089dc",
                "borderRadius": 3,
                "borderWidth": 0.5,
                "flexDirection": "row",
                "justifyContent": "center",
                "padding": 8,
              }
            }
          >
            <Text
              style={
                Object {
                  "color": "#2089dc",
                  "fontSize": 18,
                  "paddingVertical": 1,
                  "textAlign": "center",
                }
              }
            >
              5
            </Text>
          </View>
        </View>
      </View>
      <View
        style={
          Array [
            Object {
              "borderRadius": 3,
              "overflow": "hidden",
            },
            Object {
              "borderRadius": 3,
            },
            Object {
              "flex": 1,
              "flexBasis": "25%",
              "margin": 8,
            },
            false,
          ]
        }
      >
        <View
          accessibilityRole="button"
          accessibilityState={
            Object {
              "busy": false,
              "disabled": false,
            }
          }
          accessible={true}
          collapsable={false}
          focusable={true}
          onClick={[Function]}
          onResponderGrant={[Function]}
          onResponderMove={[Function]}
          onResponderRelease={[Function]}
          onResponderTerminate={[Function]}
          onResponderTerminationRequest={[Function]}
          onStartShouldSetResponder={[Function]}
          style={
            Object {
              "opacity": 1,
            }
          }
        >
          <View
            style={
              Object {
                "alignItems": "center",
                "backgroundColor": "#2089dc",
                "borderColor": "#2089dc",
                "borderRadius": 3,
                "borderWidth": 0,
                "flexDirection": "row",
                "justifyContent": "center",
                "padding": 8,
              }
            }
          >
            <Text
              style={
                Object {
                  "color": "white",
                  "fontSize": 18,
                  "paddingVertical": 1,
                  "textAlign": "center",
                }
              }
            >
              10
            </Text>
          </View>
        </View>
      </View>
      <View
        style={
          Array [
            Object {
              "borderRadius": 3,
              "overflow": "hidden",
            },
            Object {
              "borderRadius": 3,
            },
            Object {
              "flex": 1,
              "flexBasis": "25%",
              "margin": 8,
            },
            false,
          ]
        }
      >
        <View
          accessibilityRole="button"
          accessibilityState={
            Object {
              "busy": false,
              "disabled": false,
            }
          }
          accessible={true}
          collapsable={false}
          focusable={true}
          onClick={[Function]}
          onResponderGrant={[Function]}
          onResponderMove={[Function]}
          onResponderRelease={[Function]}
          onResponderTerminate={[Function]}
          onResponderTerminationRequest={[Function]}
          onStartShouldSetResponder={[Function]}
          style={
            Object {
              "opacity": 1,
            }
          }
        >
          <View
            style={
              Object {
                "alignItems": "center",
                "backgroundColor": "transparent",
                "borderColor": "#2089dc",
                "borderRadius": 3,
                "borderWidth": 0.5,
                "flexDirection": "row",
                "justifyContent": "center",
                "padding": 8,
              }
            }
          >
            <Text
              style={
                Object {
                  "color": "#2089dc",
                  "fontSize": 18,
                  "paddingVertical": 1,
                  "textAlign": "center",
                }
              }
            >
              30
            </Text>
          </View>
        </View>
      </View>
    </View>
    <Text
      style={
        Object {
          "fontSize": 16,
          "margin": 8,
        }
      }
    >
      Time per question
    </Text>
    <View
      style={
        Object {
          "flexDirection": "row",
          "flexWrap": "wrap",
          "marginBottom": 16,
        }
      }
    >
      <View
        style={
          Array [
            Object {
              "borderRadius": 3,
              "overflow": "hidden",
            },
            Object {
              "borderRadius": 3,
            },
            Object {
              "flex": 1,
              "flexBasis": "25%",
              "margin": 8,
            },
            false,
          ]
        }
      >
        <View
          accessibilityRole="button"
          accessibilityState={
            Object {
              "busy": false,
              "disabled": false,
            }
          }
          accessible={true}
          collapsable={false}
          focusable={true}
          onClick={[Function]}
          onResponderGrant={[Function]}
          onResponderMove={[Function]}
          onResponderRelease={[Function]}
          onResponderTerminate={[Function]}
          onResponderTerminationRequest={[Function]}
          onStartShouldSetResponder={[Function]}
          style={
            Object {
              "opacity": 1,
            }
          }
        >
          <View
            style={
              Object {
                "alignItems": "center",
                "backgroundColor": "#2089dc",
                "borderColor": "#2089dc",
                "borderRadius": 3,
                "borderWidth": 0,
                "flexDirection": "row",
                "justifyContent": "center",
                "padding": 8,
              }
            }
          >
            <Text
              style={
                Object {
                  "color": "white",
                  "fontSize": 18,
                  "paddingVertical": 1,
                  "textAlign": "center",
                }
              }
            >
              30 sec
            </Text>
          </View>
        </View>
      </View>
      <View
        style={
          Array [
            Object {
              "borderRadius": 3,
              "overflow": "hidden",
            },
            Object {
              "borderRadius": 3,
            },
            Object {
              "flex": 1,
              "flexBasis": "25%",
              "margin": 8,
            },
            false,
          ]
        }
      >
        <View
          accessibilityRole="button"
          accessibilityState={
            Object {
              "busy": false,
              "disabled": false,
            }
          }
          accessible={true}
          collapsable={false}
          focusable={true}
          onClick={[Function]}
          onResponderGrant={[Function]}
          onResponderMove={[Function]}
          onResponderRelease={[Function]}
          onResponderTerminate={[Function]}
          onResponderTerminationRequest={[Function]}
          onStartShouldSetResponder={[Function]}
          style={
            Object {
              "opacity": 1,
            }
          }
        >
          <View
            style={
              Object {
                "alignItems": "center",
                "backgroundColor": "transparent",
                "borderColor": "#2089dc",
                "borderRadius": 3,
                "borderWidth": 0.5,
                "flexDirection": "row",
                "justifyContent": "center",
                "padding": 8,
              }
            }
          >
            <Text
              style={
                Object {
                  "color": "#2089dc",
                  "fontSize": 18,
                  "paddingVertical": 1,
                  "textAlign": "center",
                }
              }
            >
              2 min
            </Text>
          </View>
        </View>
      </View>
      <View
        style={
          Array [
            Object {
              "borderRadius": 3,
              "overflow": "hidden",
            },
            Object {
              "borderRadius": 3,
            },
            Object {
              "flex": 1,
              "flexBasis": "25%",
              "margin": 8,
            },
            false,
          ]
        }
      >
        <View
          accessibilityRole="button"
          accessibilityState={
            Object {
              "busy": false,
              "disabled": false,
            }
          }
          accessible={true}
          collapsable={false}
          focusable={true}
          onClick={[Function]}
          onResponderGrant={[Function]}
          onResponderMove={[Function]}
          onResponderRelease={[Function]}
          onResponderTerminate={[Function]}
          onResponderTerminationRequest={[Function]}
          onStartShouldSetResponder={[Function]}
          style={
            Object {
              "opacity": 1,
            }
          }
        >
          <View
            style={
              Object {
                "alignItems": "center",
                "backgroundColor": "transparent",
                "borderColor": "#2089dc",
                "borderRadius": 3,
                "borderWidth": 0.5,
                "flexDirection": "row",
                "justifyContent": "center",
                "padding": 8,
              }
            }
          >
            <Text
              style={
                Object {
                  "color": "#2089dc",
                  "fontSize": 18,
                  "paddingVertical": 1,
                  "textAlign": "center",
                }
              }
            >
              None
            </Text>
          </View>
        </View>
      </View>
    </View>
    <Text
      style={
        Object {
          "fontSize": 16,
          "margin": 8,
        }
      }
    >
      Level
    </Text>
    <View
      style={
        Object {
          "flexDirection": "row",
          "flexWrap": "wrap",
          "marginBottom": 16,
        }
      }
    >
      <View
        style={
          Array [
            Object {
              "borderRadius": 3,
              "overflow": "hidden",
            },
            Object {
              "borderRadius": 3,
            },
            Array [
              Object {
                "flex": 1,
                "flexBasis": "25%",
                "margin": 8,
              },
              Object {
                "flexBasis": "40%",
              },
            ],
            false,
          ]
        }
      >
        <View
          accessibilityRole="button"
          accessibilityState={
            Object {
              "busy": false,
              "disabled": false,
            }
          }
          accessible={true}
          collapsable={false}
          focusable={true}
          onClick={[Function]}
          onResponderGrant={[Function]}
          onResponderMove={[Function]}
          onResponderRelease={[Function]}
          onResponderTerminate={[Function]}
          onResponderTerminationRequest={[Function]}
          onStartShouldSetResponder={[Function]}
          style={
            Object {
              "opacity": 1,
            }
          }
        >
          <View
            style={
              Object {
                "alignItems": "center",
                "backgroundColor": "transparent",
                "borderColor": "#2089dc",
                "borderRadius": 3,
                "borderWidth": 0.5,
                "flexDirection": "row",
                "justifyContent": "center",
                "padding": 8,
              }
            }
          >
            <Text
              style={
                Object {
                  "color": "#2089dc",
                  "fontSize": 18,
                  "paddingVertical": 1,
                  "textAlign": "center",
                }
              }
            >
              Easy
            </Text>
          </View>
        </View>
      </View>
      <View
        style={
          Array [
            Object {
              "borderRadius": 3,
              "overflow": "hidden",
            },
            Object {
              "borderRadius": 3,
            },
            Array [
              Object {
                "flex": 1,
                "flexBasis": "25%",
                "margin": 8,
              },
              Object {
                "flexBasis": "40%",
              },
            ],
            false,
          ]
        }
      >
        <View
          accessibilityRole="button"
          accessibilityState={
            Object {
              "busy": false,
              "disabled": false,
            }
          }
          accessible={true}
          collapsable={false}
          focusable={true}
          onClick={[Function]}
          onResponderGrant={[Function]}
          onResponderMove={[Function]}
          onResponderRelease={[Function]}
          onResponderTerminate={[Function]}
          onResponderTerminationRequest={[Function]}
          onStartShouldSetResponder={[Function]}
          style={
            Object {
              "opacity": 1,
            }
          }
        >
          <View
            style={
              Object {
                "alignItems": "center",
                "backgroundColor": "transparent",
                "borderColor": "#2089dc",
                "borderRadius": 3,
                "borderWidth": 0.5,
                "flexDirection": "row",
                "justifyContent": "center",
                "padding": 8,
              }
            }
          >
            <Text
              style={
                Object {
                  "color": "#2089dc",
                  "fontSize": 18,
                  "paddingVertical": 1,
                  "textAlign": "center",
                }
              }
            >
              Medium
            </Text>
          </View>
        </View>
      </View>
      <View
        style={
          Array [
            Object {
              "borderRadius": 3,
              "overflow": "hidden",
            },
            Object {
              "borderRadius": 3,
            },
            Array [
              Object {
                "flex": 1,
                "flexBasis": "25%",
                "margin": 8,
              },
              Object {
                "flexBasis": "40%",
              },
            ],
            false,
          ]
        }
      >
        <View
          accessibilityRole="button"
          accessibilityState={
            Object {
              "busy": false,
              "disabled": false,
            }
          }
          accessible={true}
          collapsable={false}
          focusable={true}
          onClick={[Function]}
          onResponderGrant={[Function]}
          onResponderMove={[Function]}
          onResponderRelease={[Function]}
          onResponderTerminate={[Function]}
          onResponderTerminationRequest={[Function]}
          onStartShouldSetResponder={[Function]}
          style={
            Object {
              "opacity": 1,
            }
          }
        >
          <View
            style={
              Object {
                "alignItems": "center",
                "backgroundColor": "transparent",
                "borderColor": "#2089dc",
                "borderRadius": 3,
                "borderWidth": 0.5,
                "flexDirection": "row",
                "justifyContent": "center",
                "padding": 8,
              }
            }
          >
            <Text
              style={
                Object {
                  "color": "#2089dc",
                  "fontSize": 18,
                  "paddingVertical": 1,
                  "textAlign": "center",
                }
              }
            >
              Hard
            </Text>
          </View>
        </View>
      </View>
      <View
        style={
          Array [
            Object {
              "borderRadius": 3,
              "overflow": "hidden",
            },
            Object {
              "borderRadius": 3,
            },
            Array [
              Object {
                "flex": 1,
                "flexBasis": "25%",
                "margin": 8,
              },
              Object {
                "flexBasis": "40%",
              },
            ],
            false,
          ]
        }
      >
        <View
          accessibilityRole="button"
          accessibilityState={
            Object {
              "busy": false,
              "disabled": false,
            }
          }
          accessible={true}
          collapsable={false}
          focusable={true}
          onClick={[Function]}
          onResponderGrant={[Function]}
          onResponderMove={[Function]}
          onResponderRelease={[Function]}
          onResponderTerminate={[Function]}
          onResponderTerminationRequest={[Function]}
          onStartShouldSetResponder={[Function]}
          style={
            Object {
              "opacity": 1,
            }
          }
        >
          <View
            style={
              Object {
                "alignItems": "center",
                "backgroundColor": "#2089dc",
                "borderColor": "#2089dc",
                "borderRadius": 3,
                "borderWidth": 0,
                "flexDirection": "row",
                "justifyContent": "center",
                "padding": 8,
              }
            }
          >
            <Text
              style={
                Object {
                  "color": "white",
                  "fontSize": 18,
                  "paddingVertical": 1,
                  "textAlign": "center",
                }
              }
            >
              All
            </Text>
          </View>
        </View>
      </View>
    </View>
    <View
      style={
        Object {
          "alignItems": "center",
          "borderTopColor": "#2a9d9d",
          "borderTopWidth": 1,
          "flexDirection": "row",
          "justifyContent": "space-evenly",
          "marginTop": 16,
        }
      }
    >
      <View
        style={
          Array [
            Object {
              "borderRadius": 3,
              "overflow": "hidden",
            },
            Object {
              "borderRadius": 3,
            },
            Object {
              "marginVertical": 32,
              "width": "45%",
            },
            false,
          ]
        }
      >
        <View
          accessibilityRole="button"
          accessibilityState={
            Object {
              "busy": false,
              "disabled": false,
            }
          }
          accessible={true}
          collapsable={false}
          focusable={true}
          onClick={[Function]}
          onResponderGrant={[Function]}
          onResponderMove={[Function]}
          onResponderRelease={[Function]}
          onResponderTerminate={[Function]}
          onResponderTerminationRequest={[Function]}
          onStartShouldSetResponder={[Function]}
          style={
            Object {
              "opacity": 1,
            }
          }
        >
          <View
            style={
              Object {
                "alignItems": "center",
                "backgroundColor": "#2089dc",
                "borderColor": "#2089dc",
                "borderRadius": 3,
                "borderWidth": 0,
                "flexDirection": "row",
                "justifyContent": "center",
                "padding": 8,
              }
            }
          >
            <Text
              style={
                Object {
                  "color": "white",
                  "fontSize": 18,
                  "paddingVertical": 1,
                  "textAlign": "center",
                }
              }
            >
              Play
            </Text>
          </View>
        </View>
      </View>
      <View
        style={
          Array [
            Object {
              "borderRadius": 3,
              "overflow": "hidden",
            },
            Object {
              "borderRadius": 3,
            },
            Object {
              "marginVertical": 32,
              "width": "45%",
            },
            false,
          ]
        }
      >
        <View
          accessibilityRole="button"
          accessibilityState={
            Object {
              "busy": false,
              "disabled": false,
            }
          }
          accessible={true}
          collapsable={false}
          focusable={true}
          onClick={[Function]}
          onResponderGrant={[Function]}
          onResponderMove={[Function]}
          onResponderRelease={[Function]}
          onResponderTerminate={[Function]}
          onResponderTerminationRequest={[Function]}
          onStartShouldSetResponder={[Function]}
          style={
            Object {
              "opacity": 1,
            }
          }
        >
          <View
            style={
              Object {
                "alignItems": "center",
                "backgroundColor": "transparent",
                "borderColor": "#2089dc",
                "borderRadius": 3,
                "borderWidth": 0.5,
                "flexDirection": "row",
                "justifyContent": "center",
                "padding": 8,
              }
            }
          >
            <Text
              style={
                Object {
                  "color": "#2089dc",
                  "fontSize": 18,
                  "paddingVertical": 1,
                  "textAlign": "center",
                }
              }
            >
              + options
            </Text>
          </View>
        </View>
      </View>
    </View>
  </View>
</RCTScrollView>
`;
